<?xml version="1.0" encoding="UTF-8"?>
<testsuites name="jest tests" tests="2" failures="0" errors="0" time="1.702">
  <testsuite name="TOUR CREATE" errors="0" failures="0" skipped="0" timestamp="2025-05-13T22:41:20" time="1.552" tests="2">
    <testcase classname="TOUR CREATE should create tour successfully" name="TOUR CREATE should create tour successfully" time="0.071">
    </testcase>
    <testcase classname="TOUR CREATE should not create a tour with discount price higher than regular price" name="TOUR CREATE should not create a tour with discount price higher than regular price" time="0.016">
    </testcase>
  </testsuite>
</testsuites>